
> stickforstats-frontend@1.0.0 build
> react-scripts build

Creating an optimized production build...
Compiled with warnings.

Failed to parse source map from '/Users/vishalbharti/Downloads/StickForStats_Migration/new_project/frontend/node_modules/@mediapipe/tasks-vision/vision_bundle_mjs.js.map' file: Error: ENOENT: no such file or directory, open '/Users/vishalbharti/Downloads/StickForStats_Migration/new_project/frontend/node_modules/@mediapipe/tasks-vision/vision_bundle_mjs.js.map'

[eslint] 
src/api/pcaApi.js
  Line 244:1:  Assign object to a variable before exporting as module default  import/no-anonymous-default-export

src/components/Navigation.jsx
  Line 65:10:  'anchorElNav' is assigned a value but never used         no-unused-vars
  Line 72:9:   'isMobile' is assigned a value but never used            no-unused-vars
  Line 74:9:   'handleOpenNavMenu' is assigned a value but never used   no-unused-vars
  Line 82:9:   'handleCloseNavMenu' is assigned a value but never used  no-unused-vars

src/components/confidence_intervals/ConfidenceIntervalsPage.jsx
  Line 38:10:  'loading' is assigned a value but never used                                                                                                                             no-unused-vars
  Line 41:9:   The 'tabs' array makes the dependencies of useEffect Hook (at line 60) change on every render. To fix this, wrap the initialization of 'tabs' in its own useMemo() Hook  react-hooks/exhaustive-deps

src/components/confidence_intervals/calculators/BootstrapCalculator.jsx
  Line 18:3:    'Tooltip' is defined but never used                           no-unused-vars
  Line 19:3:    'IconButton' is defined but never used                        no-unused-vars
  Line 20:3:    'Card' is defined but never used                              no-unused-vars
  Line 21:3:    'CardContent' is defined but never used                       no-unused-vars
  Line 27:8:    'HelpOutlineIcon' is defined but never used                   no-unused-vars
  Line 38:8:    'BootstrapSimulationVisualization' is defined but never used  no-unused-vars
  Line 397:11:  'std' is assigned a value but never used                      no-unused-vars

src/components/confidence_intervals/calculators/SampleBasedCalculator.jsx
  Line 13:3:    'Divider' is defined but never used                                                                               no-unused-vars
  Line 19:3:    'Tooltip' is defined but never used                                                                               no-unused-vars
  Line 20:3:    'IconButton' is defined but never used                                                                            no-unused-vars
  Line 22:8:    'HelpOutlineIcon' is defined but never used                                                                       no-unused-vars
  Line 26:8:    'InfoIcon' is defined but never used                                                                              no-unused-vars
  Line 164:6:   React Hook useEffect has a missing dependency: 'intervalTypes'. Either include it or remove the dependency array  react-hooks/exhaustive-deps
  Line 336:13:  'std' is assigned a value but never used                                                                          no-unused-vars

src/components/confidence_intervals/education/AdvancedMethods.jsx
  Line 13:3:  'Button' is defined but never used           no-unused-vars
  Line 14:3:  'Chip' is defined but never used             no-unused-vars
  Line 29:8:  'HelpOutlineIcon' is defined but never used  no-unused-vars

src/components/confidence_intervals/education/MathematicalProofs.jsx
  Line 7:3:   'Grid' is defined but never used         no-unused-vars
  Line 8:3:   'Card' is defined but never used         no-unused-vars
  Line 9:3:   'CardContent' is defined but never used  no-unused-vars
  Line 13:3:  'Button' is defined but never used       no-unused-vars
  Line 18:3:  'TextField' is defined but never used    no-unused-vars
  Line 19:3:  'Chip' is defined but never used         no-unused-vars

src/components/confidence_intervals/education/RealWorldApplications.jsx
  Line 6:3:   'Divider' is defined but never used    no-unused-vars
  Line 10:3:  'CardMedia' is defined but never used  no-unused-vars
  Line 17:3:  'Chip' is defined but never used       no-unused-vars

src/components/confidence_intervals/education/References.jsx
  Line 6:3:   'Divider' is defined but never used     no-unused-vars
  Line 12:3:  'IconButton' is defined but never used  no-unused-vars

src/components/confidence_intervals/education/TheoryFoundations.jsx
  Line 10:3:  'CardMedia' is defined but never used        no-unused-vars
  Line 14:3:  'Button' is defined but never used           no-unused-vars
  Line 20:8:  'InfoIcon' is defined but never used         no-unused-vars
  Line 21:8:  'SchoolIcon' is defined but never used       no-unused-vars
  Line 22:8:  'HelpOutlineIcon' is defined but never used  no-unused-vars

src/components/confidence_intervals/simulations/BootstrapSimulation.jsx
  Line 21:3:   'Tooltip' is defined but never used             no-unused-vars
  Line 22:3:   'RadioGroup' is defined but never used          no-unused-vars
  Line 23:3:   'Radio' is defined but never used               no-unused-vars
  Line 24:3:   'FormControlLabel' is defined but never used    no-unused-vars
  Line 26:8:   'InfoIcon' is defined but never used            no-unused-vars
  Line 34:3:   'Legend' is defined but never used              no-unused-vars
  Line 37:3:   'Histogram' is defined but never used           no-unused-vars
  Line 38:3:   'LineChart' is defined but never used           no-unused-vars
  Line 39:3:   'Line' is defined but never used                no-unused-vars
  Line 40:3:   'ScatterChart' is defined but never used        no-unused-vars
  Line 41:3:   'Scatter' is defined but never used             no-unused-vars
  Line 82:10:  'webSocket' is assigned a value but never used  no-unused-vars

src/components/confidence_intervals/simulations/CoverageSimulation.jsx
  Line 18:3:   'Tooltip' is defined but never used             no-unused-vars
  Line 23:8:   'InfoIcon' is defined but never used            no-unused-vars
  Line 31:3:   'Legend' is defined but never used              no-unused-vars
  Line 33:3:   'LineChart' is defined but never used           no-unused-vars
  Line 34:3:   'Line' is defined but never used                no-unused-vars
  Line 36:3:   'ComposedChart' is defined but never used       no-unused-vars
  Line 38:8:   'axios' is defined but never used               no-unused-vars
  Line 72:10:  'webSocket' is assigned a value but never used  no-unused-vars

src/components/confidence_intervals/simulations/NonNormalitySimulation.jsx
  Line 21:3:    'Tooltip' is defined but never used                no-unused-vars
  Line 23:8:    'InfoIcon' is defined but never used               no-unused-vars
  Line 34:3:    'LineChart' is defined but never used              no-unused-vars
  Line 35:3:    'Line' is defined but never used                   no-unused-vars
  Line 36:3:    'ScatterChart' is defined but never used           no-unused-vars
  Line 37:3:    'Scatter' is defined but never used                no-unused-vars
  Line 71:10:   'webSocket' is assigned a value but never used     no-unused-vars
  Line 432:11:  'robustFactor' is assigned a value but never used  no-unused-vars

src/components/confidence_intervals/simulations/SampleSizeSimulation.jsx
  Line 21:3:   'Tooltip' is defined but never used             no-unused-vars
  Line 23:8:   'InfoIcon' is defined but never used            no-unused-vars
  Line 71:10:  'webSocket' is assigned a value but never used  no-unused-vars

src/components/confidence_intervals/simulations/TransformationSimulation.jsx
  Line 21:3:    'Tooltip' is defined but never used                    no-unused-vars
  Line 23:8:    'InfoIcon' is defined but never used                   no-unused-vars
  Line 34:3:    'ScatterChart' is defined but never used               no-unused-vars
  Line 35:3:    'Scatter' is defined but never used                    no-unused-vars
  Line 66:10:   'webSocket' is assigned a value but never used         no-unused-vars
  Line 409:11:  'ciComparisonData' is assigned a value but never used  no-unused-vars

src/components/confidence_intervals/visualizations/BootstrapSimulationVisualization.jsx
  Line 56:9:   'highlightedPointRadius' is assigned a value but never used                                                                          no-unused-vars
  Line 196:6:  React Hook useEffect has missing dependencies: 'margins.left' and 'margins.top'. Either include them or remove the dependency array  react-hooks/exhaustive-deps

src/components/confidence_intervals/visualizations/CoverageAnimation.jsx
  Line 70:10:  'numIntervals' is assigned a value but never used                                                                no-unused-vars
  Line 70:24:  'setNumIntervals' is assigned a value but never used                                                             no-unused-vars
  Line 378:6:  React Hook useEffect has a missing dependency: 'coverageRate'. Either include it or remove the dependency array  react-hooks/exhaustive-deps

src/components/confidence_intervals/visualizations/IntervalConstructionAnimation.jsx
  Line 89:6:   React Hook useEffect has a missing dependency: 'generateSample'. Either include it or remove the dependency array                         react-hooks/exhaustive-deps
  Line 95:6:   React Hook useEffect has a missing dependency: 'calculateInterval'. Either include it or remove the dependency array                      react-hooks/exhaustive-deps
  Line 310:6:  React Hook useEffect has missing dependencies: 'confidenceLevel' and 'sample.length'. Either include them or remove the dependency array  react-hooks/exhaustive-deps

src/components/confidence_intervals/visualizations/IntervalVisualization.jsx
  Line 4:27:    'Paper' is defined but never used                                                                                             no-unused-vars
  Line 181:6:   React Hook useEffect has a missing dependency: 'generateDistributionCurve'. Either include it or remove the dependency array  react-hooks/exhaustive-deps
  Line 239:15:  'bins' is assigned a value but never used                                                                                     no-unused-vars

src/components/doe/DesignBuilder.jsx
  Line 1:27:  'useEffect' is defined but never used     no-unused-vars
  Line 35:3:  'LineChart' is defined but never used     no-unused-vars
  Line 36:3:  'Line' is defined but never used          no-unused-vars
  Line 41:3:  'Legend' is defined but never used        no-unused-vars
  Line 43:3:  'ScatterChart' is defined but never used  no-unused-vars
  Line 44:3:  'Scatter' is defined but never used       no-unused-vars

src/components/doe/DesignTypes.jsx
  Line 1:27:  'useEffect' is defined but never used  no-unused-vars
  Line 23:3:  'TableBody' is defined but never used  no-unused-vars
  Line 24:3:  'TableCell' is defined but never used  no-unused-vars
  Line 26:3:  'TableHead' is defined but never used  no-unused-vars
  Line 27:3:  'TableRow' is defined but never used   no-unused-vars
  Line 32:3:  'LineChart' is defined but never used  no-unused-vars
  Line 33:3:  'Line' is defined but never used       no-unused-vars
  Line 43:3:  'Surface' is defined but never used    no-unused-vars
  Line 44:3:  'Contour' is defined but never used    no-unused-vars

src/components/doe/Fundamentals.jsx
  Line 36:3:   'HeatMapChart' is defined but never used                                                                                                                      no-unused-vars
  Line 110:6:  React Hook useEffect has missing dependencies: 'calculateDesignProperties' and 'generateFactorialDesign'. Either include them or remove the dependency array  react-hooks/exhaustive-deps

src/components/doe/Introduction.jsx
  Line 13:3:   'Divider' is defined but never used                                                                                                            no-unused-vars
  Line 17:3:   'BarChart' is defined but never used                                                                                                           no-unused-vars
  Line 18:3:   'Bar' is defined but never used                                                                                                                no-unused-vars
  Line 25:3:   'Legend' is defined but never used                                                                                                             no-unused-vars
  Line 29:3:   'ContourChart' is defined but never used                                                                                                       no-unused-vars
  Line 30:3:   'Contour' is defined but never used                                                                                                            no-unused-vars
  Line 152:6:  React Hook useEffect has missing dependencies: 'runDoeSimulation' and 'runOfatSimulation'. Either include them or remove the dependency array  react-hooks/exhaustive-deps

src/components/doe/visualizations/InteractionPlot.jsx
  Line 42:19:  'setLoading' is assigned a value but never used  no-unused-vars
  Line 43:17:  'setError' is assigned a value but never used    no-unused-vars

src/components/pca/PcaConfiguration.jsx
  Line 1:27:  'useEffect' is defined but never used         no-unused-vars
  Line 1:38:  'useRef' is defined but never used            no-unused-vars
  Line 5:3:   'Paper' is defined but never used             no-unused-vars
  Line 19:3:  'LinearProgress' is defined but never used    no-unused-vars
  Line 24:3:  'Tooltip' is defined but never used           no-unused-vars
  Line 25:3:  'IconButton' is defined but never used        no-unused-vars
  Line 26:3:  'Collapse' is defined but never used          no-unused-vars
  Line 30:8:  'InfoOutlinedIcon' is defined but never used  no-unused-vars
  Line 33:8:  'TuneIcon' is defined but never used          no-unused-vars

src/components/pca/PcaInterpretation.jsx
  Line 110:10:  'resultData' is assigned a value but never used                                                                                 no-unused-vars
  Line 121:6:   React Hook useEffect has a missing dependency: 'loadData'. Either include it or remove the dependency array                     react-hooks/exhaustive-deps
  Line 128:6:   React Hook useEffect has a missing dependency: 'renderPathwayEnrichmentPlot'. Either include it or remove the dependency array  react-hooks/exhaustive-deps

src/components/pca/PcaIntroduction.jsx
  Line 44:6:   React Hook useEffect has a missing dependency: 'renderScatterplot'. Either include it or remove the dependency array            react-hooks/exhaustive-deps
  Line 51:6:   React Hook useEffect has a missing dependency: 'renderPcaAnimation'. Either include it or remove the dependency array           react-hooks/exhaustive-deps
  Line 58:6:   React Hook useEffect has a missing dependency: 'renderEigenVectorsAnimation'. Either include it or remove the dependency array  react-hooks/exhaustive-deps
  Line 513:7:  Expected a default case                                                                                                         default-case

src/components/pca/PcaProgressTracker.jsx
  Line 14:3:  'Divider' is defined but never used              no-unused-vars
  Line 69:5:  'totalSteps' is assigned a value but never used  no-unused-vars

src/components/pca/PcaReportGenerator.jsx
  Line 17:3:    'List' is defined but never used                                                                             no-unused-vars
  Line 18:3:    'ListItem' is defined but never used                                                                         no-unused-vars
  Line 19:3:    'ListItemIcon' is defined but never used                                                                     no-unused-vars
  Line 20:3:    'ListItemText' is defined but never used                                                                     no-unused-vars
  Line 22:3:    'Tooltip' is defined but never used                                                                          no-unused-vars
  Line 36:3:    'FormHelperText' is defined but never used                                                                   no-unused-vars
  Line 46:8:    'ImageIcon' is defined but never used                                                                        no-unused-vars
  Line 47:8:    'TableChartIcon' is defined but never used                                                                   no-unused-vars
  Line 48:8:    'InfoIcon' is defined but never used                                                                         no-unused-vars
  Line 50:8:    'AddIcon' is defined but never used                                                                          no-unused-vars
  Line 51:8:    'RemoveIcon' is defined but never used                                                                       no-unused-vars
  Line 57:8:    'EditNoteIcon' is defined but never used                                                                     no-unused-vars
  Line 58:8:    'BiotechIcon' is defined but never used                                                                      no-unused-vars
  Line 68:8:    'html2canvas' is defined but never used                                                                      no-unused-vars
  Line 79:10:   'resultData' is assigned a value but never used                                                              no-unused-vars
  Line 83:10:   'success' is assigned a value but never used                                                                 no-unused-vars
  Line 106:6:   React Hook useEffect has a missing dependency: 'loadData'. Either include it or remove the dependency array  react-hooks/exhaustive-deps
  Line 478:9:   'renderPlotsForPreview' is assigned a value but never used                                                   no-unused-vars
  Line 489:11:  'loadingPlotRef' is assigned a value but never used                                                          no-unused-vars
  Line 490:11:  'screePlotRef' is assigned a value but never used                                                            no-unused-vars

src/components/pca/PcaVisualization.jsx
  Line 5:3:      'Paper' is defined but never used                                                                                          no-unused-vars
  Line 26:3:     'LinearProgress' is defined but never used                                                                                 no-unused-vars
  Line 47:10:    'useSnackbar' is defined but never used                                                                                    no-unused-vars
  Line 123:9:    'isMobile' is assigned a value but never used                                                                              no-unused-vars
  Line 211:6:    React Hook useEffect has a missing dependency: 'loadVisualizationData'. Either include it or remove the dependency array   react-hooks/exhaustive-deps
  Line 230:6:    React Hook useEffect has a missing dependency: 'loadVisualizationData'. Either include it or remove the dependency array   react-hooks/exhaustive-deps
  Line 1175:6:   React Hook useCallback has a missing dependency: 'renderVisualizations'. Either include it or remove the dependency array  react-hooks/exhaustive-deps
  Line 1603:35:  'groupIndex' is assigned a value but never used                                                                            no-unused-vars

src/components/pca/SampleGroupManager.jsx
  Line 90:6:   React Hook useEffect has a missing dependency: 'loadData'. Either include it or remove the dependency array  react-hooks/exhaustive-deps
  Line 214:9:  'getGroupNameById' is assigned a value but never used                                                        no-unused-vars

src/components/probability_distributions/ApplicationSimulations.jsx
  Line 13:3:     'CardMedia' is defined but never used                                                                                           no-unused-vars
  Line 31:3:     'Tooltip' is defined but never used                                                                                             no-unused-vars
  Line 32:3:     'IconButton' is defined but never used                                                                                          no-unused-vars
  Line 33:3:     'LinearProgress' is defined but never used                                                                                      no-unused-vars
  Line 103:11:   'enqueueSnackbar' is assigned a value but never used                                                                            no-unused-vars
  Line 250:9:    'chartRef' is assigned a value but never used                                                                                   no-unused-vars
  Line 627:9:    'chartRef' is assigned a value but never used                                                                                   no-unused-vars
  Line 653:6:    React Hook useEffect has missing dependencies: 'lowerSpec' and 'upperSpec'. Either include them or remove the dependency array  react-hooks/exhaustive-deps
  Line 1086:47:  'outOfSpec' is assigned a value but never used                                                                                  no-unused-vars
  Line 1265:9:   'chartRef' is assigned a value but never used                                                                                   no-unused-vars
  Line 1400:11:  'criticalValue' is assigned a value but never used                                                                              no-unused-vars
  Line 2025:9:   'chartRef' is assigned a value but never used                                                                                   no-unused-vars
  Line 2669:9:   'chartRef' is assigned a value but never used                                                                                   no-unused-vars
  Line 2811:11:  'expectedDefects' is assigned a value but never used                                                                            no-unused-vars

src/components/probability_distributions/BinomialApproximation.jsx
  Line 19:3:   'TextField' is defined but never used                                                                                                                                    no-unused-vars
  Line 138:6:  React Hook useEffect has missing dependencies: 'approximationData', 'calculateApproximations', and 'selectedPreset'. Either include them or remove the dependency array  react-hooks/exhaustive-deps

src/components/probability_distributions/DataFitting.jsx
  Line 33:13:  'ZoomInIcon' is defined but never used  no-unused-vars
  Line 39:16:  'Bar' is defined but never used         no-unused-vars
  Line 40:10:  'MathJax' is defined but never used     no-unused-vars

src/components/probability_distributions/DistributionComparison.jsx
  Line 17:3:    'Tooltip' is defined but never used                                                                                        no-unused-vars
  Line 29:10:   'MathJax' is defined but never used                                                                                        no-unused-vars
  Line 158:9:   'handleNameChange' is assigned a value but never used                                                                      no-unused-vars
  Line 261:35:  'color' is assigned a value but never used                                                                                 no-unused-vars
  Line 261:42:  'name' is assigned a value but never used                                                                                  no-unused-vars
  Line 306:6:   React Hook useEffect has a missing dependency: 'fetchDistributionsData'. Either include it or remove the dependency array  react-hooks/exhaustive-deps

src/components/probability_distributions/DistributionParameters.jsx
  Line 7:3:  'InputAdornment' is defined but never used  no-unused-vars

src/components/probability_distributions/DistributionPlot.jsx
  Line 149:6:  React Hook useEffect has a missing dependency: 'generateXValues'. Either include it or remove the dependency array  react-hooks/exhaustive-deps

src/components/probability_distributions/EducationalContent.jsx
  Line 30:8:    'DistributionAnimation' is defined but never used       no-unused-vars
  Line 1999:7:  'LocalCLTSimulator' is assigned a value but never used  no-unused-vars

src/components/probability_distributions/RandomSampleGenerator.jsx
  Line 29:11:  'SaveIcon' is defined but never used  no-unused-vars
  Line 35:10:  'Line' is defined but never used      no-unused-vars
  Line 892:3:  Expected a default case               default-case

src/components/probability_distributions/educational/CLTSimulator.jsx
  Line 46:6:  React Hook useEffect has a missing dependency: 'simulationCompleted'. Either include it or remove the dependency array  react-hooks/exhaustive-deps

src/components/probability_distributions/educational/DistributionAnimation.jsx
  Line 12:3:   'IconButton' is defined but never used                                                                                                                                                                                                                                              no-unused-vars
  Line 13:3:   'Tooltip' is defined but never used                                                                                                                                                                                                                                                 no-unused-vars
  Line 19:8:   'InfoIcon' is defined but never used                                                                                                                                                                                                                                                no-unused-vars
  Line 36:16:  'Bar' is defined but never used                                                                                                                                                                                                                                                     no-unused-vars
  Line 70:9:   'animationRef' is assigned a value but never used                                                                                                                                                                                                                                   no-unused-vars
  Line 187:6:  React Hook useEffect has a missing dependency: 'getAnimationSteps'. Either include it or remove the dependency array                                                                                                                                                                react-hooks/exhaustive-deps
  Line 200:6:  React Hook useEffect has a missing dependency: 'getAnimationSteps'. Either include it or remove the dependency array                                                                                                                                                                react-hooks/exhaustive-deps
  Line 209:6:  React Hook useEffect has missing dependencies: 'animationState' and 'fetchDistributionData'. Either include them or remove the dependency array                                                                                                                                     react-hooks/exhaustive-deps
  Line 219:6:  React Hook useEffect has missing dependencies: 'animationStep' and 'getAnimationSteps'. Either include them or remove the dependency array. You can also replace multiple useState variables with useReducer if 'setCurrentExplanation' needs the current value of 'animationStep'  react-hooks/exhaustive-deps
  Line 246:9:  'applyParameterChanges' is assigned a value but never used                                                                                                                                                                                                                          no-unused-vars

src/components/rag/ConversationHistory.jsx
  Line 21:3:   'Chip' is defined but never used                                                                                       no-unused-vars
  Line 28:17:  'FilterListIcon' is defined but never used                                                                             no-unused-vars
  Line 49:6:   React Hook useEffect has a missing dependency: 'fetchConversations'. Either include it or remove the dependency array  react-hooks/exhaustive-deps

src/components/rag/QueryInterface.jsx
  Line 9:3:  'Divider' is defined but never used  no-unused-vars

src/components/rag/RAGDashboard.jsx
  Line 6:3:   'Typography' is defined but never used  no-unused-vars
  Line 8:3:   'Divider' is defined but never used     no-unused-vars
  Line 10:3:  'Grid' is defined but never used        no-unused-vars

src/components/rag/SourcesExplorer.jsx
  Line 60:31:  'setDocumentTypeOptions' is assigned a value but never used                                                        no-unused-vars
  Line 67:6:   React Hook useEffect has a missing dependency: 'fetchDocuments'. Either include it or remove the dependency array  react-hooks/exhaustive-deps

src/components/reports/ReportGenerator.jsx
  Line 22:3:    'ListItemSecondaryAction' is defined but never used  no-unused-vars
  Line 23:3:    'IconButton' is defined but never used               no-unused-vars
  Line 42:10:   'AddIcon' is defined but never used                  no-unused-vars
  Line 43:13:   'RemoveIcon' is defined but never used               no-unused-vars
  Line 44:11:   'SaveIcon' is defined but never used                 no-unused-vars
  Line 45:13:   'CancelIcon' is defined but never used               no-unused-vars
  Line 51:17:   'AnalysisIcon' is defined but never used             no-unused-vars
  Line 54:15:   'SettingsIcon' is defined but never used             no-unused-vars
  Line 426:13:  'reportData' is assigned a value but never used      no-unused-vars

src/components/reports/ReportList.jsx
  Line 34:17:  'FilterIcon' is defined but never used  no-unused-vars

src/components/reports/ReportViewer.jsx
  Line 20:3:   'ListItemIcon' is defined but never used  no-unused-vars
  Line 49:14:  'RefreshIcon' is defined but never used   no-unused-vars

src/components/sqc/ChartConfigurationStep.jsx
  Line 33:3:   'Timeline' is defined but never used        no-unused-vars
  Line 36:3:   'Help' is defined but never used            no-unused-vars
  Line 135:9:  'theme' is assigned a value but never used  no-unused-vars

src/components/sqc/ControlChartVisualization.jsx
  Line 1:38:  'useRef' is defined but never used  no-unused-vars

src/components/sqc/DataUploadStep.jsx
  Line 8:3:    'Divider' is defined but never used                                                                                       no-unused-vars
  Line 17:3:   'Fade' is defined but never used                                                                                          no-unused-vars
  Line 23:3:   'DataObject' is defined but never used                                                                                    no-unused-vars
  Line 24:3:   'Upload' is defined but never used                                                                                        no-unused-vars
  Line 27:3:   'BarChart' is defined but never used                                                                                      no-unused-vars
  Line 56:7:   'VisuallyHiddenInput' is assigned a value but never used                                                                  no-unused-vars
  Line 163:9:  'theme' is assigned a value but never used                                                                                no-unused-vars
  Line 205:6:  React Hook useCallback has a missing dependency: 'handleFileSelection'. Either include it or remove the dependency array  react-hooks/exhaustive-deps
  Line 216:6:  React Hook useCallback has a missing dependency: 'handleFileSelection'. Either include it or remove the dependency array  react-hooks/exhaustive-deps

src/components/sqc/EducationalPanel.jsx
  Line 6:3:    'Divider' is defined but never used                                                                                no-unused-vars
  Line 9:3:    'Card' is defined but never used                                                                                   no-unused-vars
  Line 10:3:   'CardContent' is defined but never used                                                                            no-unused-vars
  Line 11:3:   'Button' is defined but never used                                                                                 no-unused-vars
  Line 14:3:   'Grid' is defined but never used                                                                                   no-unused-vars
  Line 38:19:  'ChevronRightIcon' is defined but never used                                                                       no-unused-vars
  Line 114:7:  'itemVariants' is assigned a value but never used                                                                  no-unused-vars
  Line 124:7:  'SigmaIcon' is assigned a value but never used                                                                     no-unused-vars
  Line 338:6:  React Hook useEffect has a missing dependency: 'highlightZones'. Either include it or remove the dependency array  react-hooks/exhaustive-deps
  Line 385:9:  'theme' is assigned a value but never used                                                                         no-unused-vars

src/components/sqc/InterpretationPanel.jsx
  Line 1:35:   'useEffect' is defined but never used          no-unused-vars
  Line 6:3:    'Divider' is defined but never used            no-unused-vars
  Line 10:3:   'Button' is defined but never used             no-unused-vars
  Line 11:3:   'List' is defined but never used               no-unused-vars
  Line 12:3:   'ListItem' is defined but never used           no-unused-vars
  Line 13:3:   'ListItemIcon' is defined but never used       no-unused-vars
  Line 14:3:   'ListItemText' is defined but never used       no-unused-vars
  Line 20:3:   'TableHead' is defined but never used          no-unused-vars
  Line 31:17:  'AssessmentIcon' is defined but never used     no-unused-vars
  Line 32:12:  'SpeedIcon' is defined but never used          no-unused-vars
  Line 33:16:  'FunctionsIcon' is defined but never used      no-unused-vars
  Line 34:15:  'BarChartIcon' is defined but never used       no-unused-vars
  Line 35:16:  'ShowChartIcon' is defined but never used      no-unused-vars
  Line 81:7:   'StatCard' is assigned a value but never used  no-unused-vars

src/components/sqc/RecommendationsPanel.jsx
  Line 6:3:    'List' is defined but never used             no-unused-vars
  Line 7:3:    'ListItem' is defined but never used         no-unused-vars
  Line 8:3:    'ListItemIcon' is defined but never used     no-unused-vars
  Line 9:3:    'ListItemText' is defined but never used     no-unused-vars
  Line 10:3:   'ListItemButton' is defined but never used   no-unused-vars
  Line 11:3:   'Divider' is defined but never used          no-unused-vars
  Line 13:3:   'Tooltip' is defined but never used          no-unused-vars
  Line 18:3:   'CardActions' is defined but never used      no-unused-vars
  Line 32:16:  'ShowChartIcon' is defined but never used    no-unused-vars
  Line 33:16:  'FunctionsIcon' is defined but never used    no-unused-vars
  Line 34:12:  'SpeedIcon' is defined but never used        no-unused-vars
  Line 39:18:  'NewReleasesIcon' is defined but never used  no-unused-vars

src/components/sqc/ReportGenerationPanel.jsx
  Line 16:3:    'Divider' is defined but never used                             no-unused-vars
  Line 19:3:    'CardMedia' is defined but never used                           no-unused-vars
  Line 22:3:    'ListItemIcon' is defined but never used                        no-unused-vars
  Line 23:3:    'ListItemText' is defined but never used                        no-unused-vars
  Line 24:3:    'Tooltip' is defined but never used                             no-unused-vars
  Line 42:16:   'OpenInNewIcon' is defined but never used                       no-unused-vars
  Line 128:33:  'setIncludeInterpretation' is assigned a value but never used   no-unused-vars
  Line 129:32:  'setIncludeVisualization' is assigned a value but never used    no-unused-vars
  Line 131:34:  'setIncludeRecommendations' is assigned a value but never used  no-unused-vars

src/components/workflow/WorkflowDetail.jsx
  Line 10:3:   'Card' is defined but never used                                                                             no-unused-vars
  Line 11:3:   'CardContent' is defined but never used                                                                      no-unused-vars
  Line 12:3:   'CardHeader' is defined but never used                                                                       no-unused-vars
  Line 13:3:   'CardActions' is defined but never used                                                                      no-unused-vars
  Line 122:6:  React Hook useEffect has a missing dependency: 'workflow'. Either include it or remove the dependency array  react-hooks/exhaustive-deps

src/components/workflow/WorkflowExecution.jsx
  Line 14:3:   'Card' is defined but never used                                                                             no-unused-vars
  Line 15:3:   'CardContent' is defined but never used                                                                      no-unused-vars
  Line 16:3:   'CardHeader' is defined but never used                                                                       no-unused-vars
  Line 106:6:  React Hook useEffect has a missing dependency: 'workflow'. Either include it or remove the dependency array  react-hooks/exhaustive-deps
  Line 134:6:  React Hook useEffect has a missing dependency: 'workflow'. Either include it or remove the dependency array  react-hooks/exhaustive-deps

src/components/workflow/WorkflowImportExport.jsx
  Line 18:3:   'TextField' is defined but never used                    no-unused-vars
  Line 42:14:  'ArchiveIcon' is defined but never used                  no-unused-vars
  Line 44:17:  'DataIcon' is defined but never used                     no-unused-vars
  Line 45:11:  'CodeIcon' is defined but never used                     no-unused-vars
  Line 46:14:  'StorageIcon' is defined but never used                  no-unused-vars
  Line 72:10:  'advancedOptions' is assigned a value but never used     no-unused-vars
  Line 72:27:  'setAdvancedOptions' is assigned a value but never used  no-unused-vars

src/components/workflow/WorkflowStepForm.jsx
  Line 19:3:    'Autocomplete' is defined but never used           no-unused-vars
  Line 20:3:    'Chip' is defined but never used                   no-unused-vars
  Line 32:10:   'AddIcon' is defined but never used                no-unused-vars
  Line 33:11:   'CodeIcon' is defined but never used               no-unused-vars
  Line 297:15:  'workflowData' is assigned a value but never used  no-unused-vars

src/config/apiConfig.js
  Line 167:1:  Assign object to a variable before exporting as module default  import/no-anonymous-default-export

src/hooks/useWebSocket.js
  Line 93:6:  React Hook useEffect has a missing dependency: 'options'. Either include it or remove the dependency array  react-hooks/exhaustive-deps

src/hooks/useWorkflowAPI.js
  Line 79:6:   React Hook useCallback has a missing dependency: 'fetchExecutionStatus'. Either include it or remove the dependency array  react-hooks/exhaustive-deps
  Line 305:6:  React Hook useCallback has a missing dependency: 'startPolling'. Either include it or remove the dependency array          react-hooks/exhaustive-deps

src/pages/DOEAnalysisPage.jsx
  Line 1:27:   'useEffect' is defined but never used                    no-unused-vars
  Line 6:3:    'Grid' is defined but never used                         no-unused-vars
  Line 10:3:   'Stepper' is defined but never used                      no-unused-vars
  Line 11:3:   'Step' is defined but never used                         no-unused-vars
  Line 12:3:   'StepLabel' is defined but never used                    no-unused-vars
  Line 49:27:  'setAnalysisResults' is assigned a value but never used  no-unused-vars

src/pages/PCAAnalysisPage.jsx
  Line 1:38:  'useCallback' is defined but never used  no-unused-vars

src/pages/ProbabilityDistributionsPage.jsx
  Line 20:8:  'BinomialApproximation' is defined but never used  no-unused-vars

src/pages/SQCAnalysisPage.jsx
  Line 1:38:  'useCallback' is defined but never used             no-unused-vars
  Line 49:9:  'theme' is assigned a value but never used          no-unused-vars
  Line 76:5:  'uploadDataset' is assigned a value but never used  no-unused-vars

src/pages/StatisticsPage.jsx
  Line 4:30:  'AreaChart' is defined but never used  no-unused-vars
  Line 4:41:  'LineChart' is defined but never used  no-unused-vars

src/services/apiService.js
  Line 292:1:  Assign object to a variable before exporting as module default  import/no-anonymous-default-export

src/services/reportService.js
  Line 82:1:  Assign object to a variable before exporting as module default  import/no-anonymous-default-export

src/services/websocketService.js
  Line 1:21:  'API_URL' is defined but never used  no-unused-vars

src/services/workflowService.js
  Line 202:1:  Assign object to a variable before exporting as module default  import/no-anonymous-default-export

Search for the keywords to learn more about each warning.
To ignore, add // eslint-disable-next-line to the line before.

File sizes after gzip:

  1.55 MB   build/static/js/main.ccbbdf20.js
  33.66 kB  build/static/js/732.4baeb139.chunk.js
  8.51 kB   build/static/js/977.4a1d919d.chunk.js
  4.84 kB   build/static/css/main.32a992ac.css
  2.68 kB   build/static/js/488.f42cfacf.chunk.js

The bundle size is significantly larger than recommended.
Consider reducing it with code splitting: https://goo.gl/9VhYWB
You can also analyze the project dependencies: https://goo.gl/LeUzfb

The project was built assuming it is hosted at /.
You can control this with the homepage field in your package.json.

The build folder is ready to be deployed.
You may serve it with a static server:

  npm install -g serve
  serve -s build

Find out more about deployment here:

  https://cra.link/deployment

